
> tamuureact@0.1.0 build
> tsc && vite build

src/components/Layout/EditorLayout.tsx(231,55): error TS2304: Cannot find name 'state'.
src/components/Panels/PropertyPanel.tsx(543,71): error TS18048: 'layer' is possibly 'undefined'.
src/components/Panels/PropertyPanel.tsx(544,77): error TS18048: 'layer' is possibly 'undefined'.
src/components/Panels/PropertyPanel.tsx(550,70): error TS18048: 'layer' is possibly 'undefined'.
src/components/Panels/PropertyPanel.tsx(551,58): error TS18048: 'layer' is possibly 'undefined'.
src/components/Panels/PropertyPanel.tsx(553,30): error TS18048: 'layer' is possibly 'undefined'.
src/components/Panels/PropertyPanel.tsx(588,83): error TS18048: 'layer' is possibly 'undefined'.
src/components/Panels/PropertyPanel.tsx(595,82): error TS18048: 'layer' is possibly 'undefined'.
src/components/Panels/PropertyPanel.tsx(609,83): error TS18048: 'layer' is possibly 'undefined'.
src/components/Panels/PropertyPanel.tsx(616,82): error TS18048: 'layer' is possibly 'undefined'.
src/components/Panels/PropertyPanel.tsx(626,55): error TS18048: 'layer' is possibly 'undefined'.
src/components/Panels/PropertyPanel.tsx(627,55): error TS18048: 'layer' is possibly 'undefined'.
src/components/Panels/PropertyPanel.tsx(628,59): error TS18048: 'layer' is possibly 'undefined'.
src/components/Panels/PropertyPanel.tsx(629,60): error TS18048: 'layer' is possibly 'undefined'.
src/components/Panels/PropertyPanel.tsx(633,22): error TS18048: 'layer' is possibly 'undefined'.
src/components/Panels/PropertyPanel.tsx(638,50): error TS18048: 'layer' is possibly 'undefined'.
src/components/Panels/PropertyPanel.tsx(641,75): error TS18048: 'layer' is possibly 'undefined'.
src/components/Panels/PropertyPanel.tsx(652,50): error TS18048: 'layer' is possibly 'undefined'.
src/components/Panels/PropertyPanel.tsx(681,70): error TS18048: 'layer' is possibly 'undefined'.
src/components/Panels/PropertyPanel.tsx(687,36): error TS18048: 'layer' is possibly 'undefined'.
src/components/Panels/PropertyPanel.tsx(696,76): error TS18048: 'layer' is possibly 'undefined'.
src/components/Panels/PropertyPanel.tsx(697,125): error TS18048: 'layer' is possibly 'undefined'.
src/components/Panels/PropertyPanel.tsx(705,74): error TS18048: 'layer' is possibly 'undefined'.
src/components/Panels/PropertyPanel.tsx(706,125): error TS18048: 'layer' is possibly 'undefined'.
src/components/Panels/PropertyPanel.tsx(717,86): error TS18048: 'layer' is possibly 'undefined'.
src/components/Panels/PropertyPanel.tsx(724,36): error TS18048: 'layer' is possibly 'undefined'.
src/components/Panels/PropertyPanel.tsx(737,19): error TS18048: 'layer' is possibly 'undefined'.
src/components/Panels/PropertyPanel.tsx(737,45): error TS18048: 'layer' is possibly 'undefined'.
src/components/Panels/PropertyPanel.tsx(737,69): error TS18048: 'layer' is possibly 'undefined'.
src/components/Panels/PropertyPanel.tsx(744,44): error TS18048: 'layer' is possibly 'undefined'.
src/components/Panels/PropertyPanel.tsx(758,18): error TS18048: 'layer' is possibly 'undefined'.
src/components/Panels/PropertyPanel.tsx(765,44): error TS18048: 'layer' is possibly 'undefined'.
src/components/Panels/PropertyPanel.tsx(780,21): error TS18048: 'layer' is possibly 'undefined'.
src/components/Panels/PropertyPanel.tsx(787,48): error TS18048: 'layer' is possibly 'undefined'.
src/components/Panels/PropertyPanel.tsx(797,44): error TS18048: 'layer' is possibly 'undefined'.
src/components/Panels/PropertyPanel.tsx(807,85): error TS18048: 'layer' is possibly 'undefined'.
src/components/Panels/PropertyPanel.tsx(813,44): error TS18048: 'layer' is possibly 'undefined'.
src/components/Panels/PropertyPanel.tsx(814,85): error TS18048: 'layer' is possibly 'undefined'.
src/components/Panels/PropertyPanel.tsx(823,52): error TS18048: 'layer' is possibly 'undefined'.
src/components/Panels/PropertyPanel.tsx(824,61): error TS18048: 'layer' is possibly 'undefined'.
src/components/Panels/PropertyPanel.tsx(827,137): error TS18048: 'layer' is possibly 'undefined'.
src/components/Panels/PropertyPanel.tsx(837,52): error TS18048: 'layer' is possibly 'undefined'.
src/components/Panels/PropertyPanel.tsx(838,60): error TS18048: 'layer' is possibly 'undefined'.
src/components/Panels/PropertyPanel.tsx(841,137): error TS18048: 'layer' is possibly 'undefined'.
src/components/Panels/PropertyPanel.tsx(857,95): error TS18048: 'layer' is possibly 'undefined'.
src/components/Panels/PropertyPanel.tsx(858,119): error TS18048: 'layer' is possibly 'undefined'.
src/components/Panels/PropertyPanel.tsx(872,44): error TS18048: 'layer' is possibly 'undefined'.
src/components/Panels/PropertyPanel.tsx(873,85): error TS18048: 'layer' is possibly 'undefined'.
src/components/Panels/PropertyPanel.tsx(881,87): error TS18048: 'layer' is possibly 'undefined'.
src/components/Panels/PropertyPanel.tsx(881,117): error TS18048: 'layer' is possibly 'undefined'.
src/components/Panels/PropertyPanel.tsx(882,104): error TS18048: 'layer' is possibly 'undefined'.
src/components/Panels/PropertyPanel.tsx(885,59): error TS18048: 'layer' is possibly 'undefined'.
src/components/Panels/PropertyPanel.tsx(898,52): error TS18048: 'layer' is possibly 'undefined'.
src/components/Panels/PropertyPanel.tsx(899,59): error TS18048: 'layer' is possibly 'undefined'.
src/components/Panels/PropertyPanel.tsx(900,57): error TS18048: 'layer' is possibly 'undefined'.
src/components/Panels/PropertyPanel.tsx(901,56): error TS18048: 'layer' is possibly 'undefined'.
src/components/Panels/PropertyPanel.tsx(902,58): error TS18048: 'layer' is possibly 'undefined'.
src/components/Panels/PropertyPanel.tsx(903,58): error TS18048: 'layer' is possibly 'undefined'.
src/components/Panels/PropertyPanel.tsx(906,104): error TS18048: 'layer' is possibly 'undefined'.
src/components/Panels/PropertyPanel.tsx(909,59): error TS18048: 'layer' is possibly 'undefined'.
src/components/Panels/PropertyPanel.tsx(916,34): error TS18048: 'layer' is possibly 'undefined'.
src/components/Panels/PropertyPanel.tsx(920,52): error TS18048: 'layer' is possibly 'undefined'.
src/components/Panels/PropertyPanel.tsx(925,72): error TS18048: 'layer' is possibly 'undefined'.
src/components/Panels/PropertyPanel.tsx(930,52): error TS18048: 'layer' is possibly 'undefined'.
src/components/Panels/PropertyPanel.tsx(935,72): error TS18048: 'layer' is possibly 'undefined'.
src/components/Panels/PropertyPanel.tsx(940,52): error TS18048: 'layer' is possibly 'undefined'.
src/components/Panels/PropertyPanel.tsx(945,72): error TS18048: 'layer' is possibly 'undefined'.
src/components/Panels/PropertyPanel.tsx(953,76): error TS18048: 'layer' is possibly 'undefined'.
src/components/Panels/PropertyPanel.tsx(953,111): error TS18048: 'layer' is possibly 'undefined'.
src/components/Panels/PropertyPanel.tsx(955,112): error TS18048: 'layer' is possibly 'undefined'.
src/components/Panels/PropertyPanel.tsx(958,67): error TS18048: 'layer' is possibly 'undefined'.
src/components/Panels/PropertyPanel.tsx(972,21): error TS18048: 'layer' is possibly 'undefined'.
src/components/Panels/PropertyPanel.tsx(980,48): error TS18048: 'layer' is possibly 'undefined'.
src/components/Panels/PropertyPanel.tsx(983,52): error TS18048: 'layer' is possibly 'undefined'.
src/components/Panels/PropertyPanel.tsx(994,44): error TS18048: 'layer' is possibly 'undefined'.
src/components/Panels/PropertyPanel.tsx(1017,91): error TS18048: 'layer' is possibly 'undefined'.
src/components/Panels/PropertyPanel.tsx(1030,60): error TS18048: 'layer' is possibly 'undefined'.
src/components/Panels/PropertyPanel.tsx(1031,65): error TS18048: 'layer' is possibly 'undefined'.
src/components/Panels/PropertyPanel.tsx(1034,99): error TS18048: 'layer' is possibly 'undefined'.
src/components/Panels/PropertyPanel.tsx(1049,52): error TS18048: 'layer' is possibly 'undefined'.
src/components/Panels/PropertyPanel.tsx(1052,99): error TS18048: 'layer' is possibly 'undefined'.
src/components/Panels/PropertyPanel.tsx(1056,52): error TS18048: 'layer' is possibly 'undefined'.
src/components/Panels/PropertyPanel.tsx(1064,99): error TS18048: 'layer' is possibly 'undefined'.
src/components/Panels/PropertyPanel.tsx(1072,44): error TS18048: 'layer' is possibly 'undefined'.
src/components/Panels/PropertyPanel.tsx(1080,91): error TS18048: 'layer' is possibly 'undefined'.
src/components/Panels/PropertyPanel.tsx(1089,52): error TS18048: 'layer' is possibly 'undefined'.
src/components/Panels/PropertyPanel.tsx(1092,99): error TS18048: 'layer' is possibly 'undefined'.
src/components/Panels/PropertyPanel.tsx(1096,52): error TS18048: 'layer' is possibly 'undefined'.
src/components/Panels/PropertyPanel.tsx(1099,99): error TS18048: 'layer' is possibly 'undefined'.
src/components/Panels/PropertyPanel.tsx(1103,52): error TS18048: 'layer' is possibly 'undefined'.
src/components/Panels/PropertyPanel.tsx(1106,99): error TS18048: 'layer' is possibly 'undefined'.
src/components/Panels/PropertyPanel.tsx(1114,44): error TS18048: 'layer' is possibly 'undefined'.
src/components/Panels/PropertyPanel.tsx(1123,91): error TS18048: 'layer' is possibly 'undefined'.
src/components/Panels/PropertyPanel.tsx(1132,52): error TS18048: 'layer' is possibly 'undefined'.
src/components/Panels/PropertyPanel.tsx(1133,99): error TS18048: 'layer' is possibly 'undefined'.
src/components/Panels/PropertyPanel.tsx(1137,52): error TS18048: 'layer' is possibly 'undefined'.
src/components/Panels/PropertyPanel.tsx(1138,99): error TS18048: 'layer' is possibly 'undefined'.
src/components/Panels/PropertyPanel.tsx(1142,52): error TS18048: 'layer' is possibly 'undefined'.
src/components/Panels/PropertyPanel.tsx(1143,99): error TS18048: 'layer' is possibly 'undefined'.
src/components/Panels/PropertyPanel.tsx(1147,52): error TS18048: 'layer' is possibly 'undefined'.
src/components/Panels/PropertyPanel.tsx(1148,99): error TS18048: 'layer' is possibly 'undefined'.
src/components/Panels/PropertyPanel.tsx(1154,35): error TS18048: 'layer' is possibly 'undefined'.
src/components/Panels/PropertyPanel.tsx(1155,37): error TS18048: 'layer' is possibly 'undefined'.
src/components/Panels/PropertyPanel.tsx(1156,37): error TS18048: 'layer' is possibly 'undefined'.
src/components/Panels/PropertyPanel.tsx(1162,60): error TS18048: 'layer' is possibly 'undefined'.
src/components/Panels/PropertyPanel.tsx(1163,107): error TS18048: 'layer' is possibly 'undefined'.
src/components/Panels/PropertyPanel.tsx(1167,60): error TS18048: 'layer' is possibly 'undefined'.
src/components/Panels/PropertyPanel.tsx(1170,107): error TS18048: 'layer' is possibly 'undefined'.
src/components/Panels/PropertyPanel.tsx(1177,35): error TS18048: 'layer' is possibly 'undefined'.
src/components/Panels/PropertyPanel.tsx(1178,37): error TS18048: 'layer' is possibly 'undefined'.
src/components/Panels/PropertyPanel.tsx(1184,60): error TS18048: 'layer' is possibly 'undefined'.
src/components/Panels/PropertyPanel.tsx(1185,107): error TS18048: 'layer' is possibly 'undefined'.
src/components/Panels/PropertyPanel.tsx(1189,60): error TS18048: 'layer' is possibly 'undefined'.
src/components/Panels/PropertyPanel.tsx(1190,107): error TS18048: 'layer' is possibly 'undefined'.
src/components/Panels/PropertyPanel.tsx(1194,60): error TS18048: 'layer' is possibly 'undefined'.
src/components/Panels/PropertyPanel.tsx(1197,107): error TS18048: 'layer' is possibly 'undefined'.
src/components/Panels/PropertyPanel.tsx(1204,34): error TS18048: 'layer' is possibly 'undefined'.
src/components/Panels/PropertyPanel.tsx(1210,56): error TS18048: 'layer' is possibly 'undefined'.
src/components/Panels/PropertyPanel.tsx(1211,103): error TS18048: 'layer' is possibly 'undefined'.
src/components/Panels/PropertyPanel.tsx(1215,56): error TS18048: 'layer' is possibly 'undefined'.
src/components/Panels/PropertyPanel.tsx(1218,103): error TS18048: 'layer' is possibly 'undefined'.
src/components/Panels/PropertyPanel.tsx(1231,52): error TS18048: 'layer' is possibly 'undefined'.
src/components/Panels/PropertyPanel.tsx(1232,67): error TS18048: 'layer' is possibly 'undefined'.
src/components/Panels/PropertyPanel.tsx(1235,103): error TS18048: 'layer' is possibly 'undefined'.
src/components/Panels/PropertyPanel.tsx(1237,42): error TS18048: 'layer' is possibly 'undefined'.
src/components/Panels/PropertyPanel.tsx(1241,48): error TS18048: 'layer' is possibly 'undefined'.
src/components/Panels/PropertyPanel.tsx(1251,95): error TS18048: 'layer' is possibly 'undefined'.
src/components/Panels/PropertyPanel.tsx(1260,48): error TS18048: 'layer' is possibly 'undefined'.
src/components/Panels/PropertyPanel.tsx(1261,58): error TS18048: 'layer' is possibly 'undefined'.
src/components/Panels/PropertyPanel.tsx(1264,94): error TS18048: 'layer' is possibly 'undefined'.
src/components/Panels/PropertyPanel.tsx(1266,38): error TS18048: 'layer' is possibly 'undefined'.
src/components/Panels/PropertyPanel.tsx(1274,48): error TS18048: 'layer' is possibly 'undefined'.
src/components/Panels/PropertyPanel.tsx(1275,62): error TS18048: 'layer' is possibly 'undefined'.
src/components/Panels/PropertyPanel.tsx(1278,94): error TS18048: 'layer' is possibly 'undefined'.
src/components/Panels/PropertyPanel.tsx(1280,38): error TS18048: 'layer' is possibly 'undefined'.
src/components/Panels/PropertyPanel.tsx(1289,21): error TS18048: 'layer' is possibly 'undefined'.
src/components/Panels/PropertyPanel.tsx(1297,48): error TS18048: 'layer' is possibly 'undefined'.
src/components/Panels/PropertyPanel.tsx(1298,92): error TS18048: 'layer' is possibly 'undefined'.
src/components/Panels/PropertyPanel.tsx(1306,44): error TS18048: 'layer' is possibly 'undefined'.
src/components/Panels/PropertyPanel.tsx(1312,88): error TS18048: 'layer' is possibly 'undefined'.
src/components/Panels/PropertyPanel.tsx(1318,44): error TS18048: 'layer' is possibly 'undefined'.
src/components/Panels/PropertyPanel.tsx(1325,88): error TS18048: 'layer' is possibly 'undefined'.
src/components/Panels/PropertyPanel.tsx(1331,44): error TS18048: 'layer' is possibly 'undefined'.
src/components/Panels/PropertyPanel.tsx(1332,88): error TS18048: 'layer' is possibly 'undefined'.
src/components/Panels/PropertyPanel.tsx(1336,44): error TS18048: 'layer' is possibly 'undefined'.
src/components/Panels/PropertyPanel.tsx(1337,88): error TS18048: 'layer' is possibly 'undefined'.
src/components/Panels/PropertyPanel.tsx(1345,90): error TS18048: 'layer' is possibly 'undefined'.
src/components/Panels/PropertyPanel.tsx(1345,122): error TS18048: 'layer' is possibly 'undefined'.
src/components/Panels/PropertyPanel.tsx(1346,95): error TS18048: 'layer' is possibly 'undefined'.
src/components/Panels/PropertyPanel.tsx(1351,59): error TS18048: 'layer' is possibly 'undefined'.
src/components/Panels/PropertyPanel.tsx(1362,21): error TS18048: 'layer' is possibly 'undefined'.
src/components/Panels/PropertyPanel.tsx(1367,44): error TS18048: 'layer' is possibly 'undefined'.
src/components/Panels/PropertyPanel.tsx(1380,85): error TS18048: 'layer' is possibly 'undefined'.
src/components/Panels/PropertyPanel.tsx(1384,44): error TS18048: 'layer' is possibly 'undefined'.
src/components/Panels/PropertyPanel.tsx(1385,85): error TS18048: 'layer' is possibly 'undefined'.
src/components/Panels/PropertyPanel.tsx(1389,44): error TS18048: 'layer' is possibly 'undefined'.
src/components/Panels/PropertyPanel.tsx(1390,85): error TS18048: 'layer' is possibly 'undefined'.
src/components/Panels/PropertyPanel.tsx(1399,21): error TS18048: 'layer' is possibly 'undefined'.
src/components/Panels/PropertyPanel.tsx(1404,44): error TS18048: 'layer' is possibly 'undefined'.
src/components/Panels/PropertyPanel.tsx(1413,87): error TS18048: 'layer' is possibly 'undefined'.
src/components/Panels/PropertyPanel.tsx(1417,44): error TS18048: 'layer' is possibly 'undefined'.
src/components/Panels/PropertyPanel.tsx(1418,87): error TS18048: 'layer' is possibly 'undefined'.
src/components/Panels/PropertyPanel.tsx(1422,44): error TS18048: 'layer' is possibly 'undefined'.
src/components/Panels/PropertyPanel.tsx(1423,87): error TS18048: 'layer' is possibly 'undefined'.
src/components/Panels/PropertyPanel.tsx(1427,44): error TS18048: 'layer' is possibly 'undefined'.
src/components/Panels/PropertyPanel.tsx(1428,87): error TS18048: 'layer' is possibly 'undefined'.
src/components/Panels/PropertyPanel.tsx(1430,34): error TS18048: 'layer' is possibly 'undefined'.
src/components/Panels/PropertyPanel.tsx(1433,48): error TS18048: 'layer' is possibly 'undefined'.
src/components/Panels/PropertyPanel.tsx(1434,91): error TS18048: 'layer' is possibly 'undefined'.
src/components/Panels/PropertyPanel.tsx(1444,21): error TS18048: 'layer' is possibly 'undefined'.
src/components/Panels/PropertyPanel.tsx(1451,48): error TS18048: 'layer' is possibly 'undefined'.
src/components/Panels/PropertyPanel.tsx(1452,90): error TS18048: 'layer' is possibly 'undefined'.
src/components/Panels/PropertyPanel.tsx(1460,48): error TS18048: 'layer' is possibly 'undefined'.
src/components/Panels/PropertyPanel.tsx(1461,90): error TS18048: 'layer' is possibly 'undefined'.
src/components/Panels/PropertyPanel.tsx(1468,44): error TS18048: 'layer' is possibly 'undefined'.
src/components/Panels/PropertyPanel.tsx(1469,86): error TS18048: 'layer' is possibly 'undefined'.
src/components/Panels/PropertyPanel.tsx(1475,48): error TS18048: 'layer' is possibly 'undefined'.
src/components/Panels/PropertyPanel.tsx(1476,90): error TS18048: 'layer' is possibly 'undefined'.
src/components/Panels/PropertyPanel.tsx(1484,88): error TS18048: 'layer' is possibly 'undefined'.
src/components/Panels/PropertyPanel.tsx(1484,124): error TS18048: 'layer' is possibly 'undefined'.
src/components/Panels/PropertyPanel.tsx(1485,95): error TS18048: 'layer' is possibly 'undefined'.
src/components/Panels/PropertyPanel.tsx(1490,59): error TS18048: 'layer' is possibly 'undefined'.
src/components/Panels/PropertyPanel.tsx(1500,18): error TS18048: 'layer' is possibly 'undefined'.
src/components/Panels/PropertyPanel.tsx(1507,44): error TS18048: 'layer' is possibly 'undefined'.
src/components/Panels/PropertyPanel.tsx(1508,88): error TS18048: 'layer' is possibly 'undefined'.
src/components/Panels/PropertyPanel.tsx(1517,44): error TS18048: 'layer' is possibly 'undefined'.
src/components/Panels/PropertyPanel.tsx(1518,88): error TS18048: 'layer' is possibly 'undefined'.
src/components/Panels/PropertyPanel.tsx(1522,44): error TS18048: 'layer' is possibly 'undefined'.
src/components/Panels/PropertyPanel.tsx(1527,88): error TS18048: 'layer' is possibly 'undefined'.
src/components/Panels/PropertyPanel.tsx(1534,86): error TS18048: 'layer' is possibly 'undefined'.
src/components/Panels/PropertyPanel.tsx(1534,114): error TS18048: 'layer' is possibly 'undefined'.
src/components/Panels/PropertyPanel.tsx(1535,91): error TS18048: 'layer' is possibly 'undefined'.
src/components/Panels/PropertyPanel.tsx(1539,55): error TS18048: 'layer' is possibly 'undefined'.
src/components/Panels/PropertyPanel.tsx(1548,18): error TS18048: 'layer' is possibly 'undefined'.
src/components/Panels/PropertyPanel.tsx(1553,40): error TS18048: 'layer' is possibly 'undefined'.
src/components/Panels/PropertyPanel.tsx(1558,88): error TS18048: 'layer' is possibly 'undefined'.
src/components/Panels/PropertyPanel.tsx(1562,40): error TS18048: 'layer' is possibly 'undefined'.
src/components/Panels/PropertyPanel.tsx(1563,88): error TS18048: 'layer' is possibly 'undefined'.
src/components/Panels/PropertyPanel.tsx(1567,47): error TS18048: 'layer' is possibly 'undefined'.
src/components/Panels/PropertyPanel.tsx(1574,88): error TS18048: 'layer' is possibly 'undefined'.
src/components/Panels/PropertyPanel.tsx(1581,18): error TS18048: 'layer' is possibly 'undefined'.
src/components/Panels/PropertyPanel.tsx(1588,44): error TS18048: 'layer' is possibly 'undefined'.
src/components/Panels/PropertyPanel.tsx(1589,90): error TS18048: 'layer' is possibly 'undefined'.
src/components/Panels/PropertyPanel.tsx(1606,96): error TS18048: 'layer' is possibly 'undefined'.
src/components/Panels/PropertyPanel.tsx(1606,134): error TS18048: 'layer' is possibly 'undefined'.
src/components/Panels/PropertyPanel.tsx(1607,100): error TS18048: 'layer' is possibly 'undefined'.
src/components/Panels/PropertyPanel.tsx(1611,65): error TS18048: 'layer' is possibly 'undefined'.
src/components/Panels/PropertyPanel.tsx(1619,40): error TS18048: 'layer' is possibly 'undefined'.
src/components/Panels/PropertyPanel.tsx(1620,86): error TS18048: 'layer' is possibly 'undefined'.
src/components/Panels/PropertyPanel.tsx(1626,44): error TS18048: 'layer' is possibly 'undefined'.
src/components/Panels/PropertyPanel.tsx(1627,90): error TS18048: 'layer' is possibly 'undefined'.
src/components/Panels/PropertyPanel.tsx(1636,18): error TS18048: 'layer' is possibly 'undefined'.
src/components/Panels/PropertyPanel.tsx(1641,40): error TS18048: 'layer' is possibly 'undefined'.
src/components/Panels/PropertyPanel.tsx(1647,89): error TS18048: 'layer' is possibly 'undefined'.
src/components/Panels/PropertyPanel.tsx(1651,40): error TS18048: 'layer' is possibly 'undefined'.
src/components/Panels/PropertyPanel.tsx(1657,89): error TS18048: 'layer' is possibly 'undefined'.
src/components/Panels/PropertyPanel.tsx(1661,40): error TS18048: 'layer' is possibly 'undefined'.
src/components/Panels/PropertyPanel.tsx(1662,89): error TS18048: 'layer' is possibly 'undefined'.
src/components/Panels/PropertyPanel.tsx(1668,91): error TS18048: 'layer' is possibly 'undefined'.
src/components/Panels/PropertyPanel.tsx(1668,133): error TS18048: 'layer' is possibly 'undefined'.
src/components/Panels/PropertyPanel.tsx(1669,90): error TS18048: 'layer' is possibly 'undefined'.
src/components/Panels/PropertyPanel.tsx(1673,55): error TS18048: 'layer' is possibly 'undefined'.
src/components/Panels/PropertyPanel.tsx(1679,40): error TS18048: 'layer' is possibly 'undefined'.
src/components/Panels/PropertyPanel.tsx(1680,89): error TS18048: 'layer' is possibly 'undefined'.
src/components/Panels/PropertyPanel.tsx(1684,40): error TS18048: 'layer' is possibly 'undefined'.
src/components/Panels/PropertyPanel.tsx(1685,89): error TS18048: 'layer' is possibly 'undefined'.
src/components/Panels/PropertyPanel.tsx(1692,18): error TS18048: 'layer' is possibly 'undefined'.
src/components/Panels/PropertyPanel.tsx(1692,49): error TS18048: 'layer' is possibly 'undefined'.
src/components/Panels/PropertyPanel.tsx(1697,40): error TS18048: 'layer' is possibly 'undefined'.
src/components/Panels/PropertyPanel.tsx(1710,87): error TS18048: 'layer' is possibly 'undefined'.
src/components/Panels/PropertyPanel.tsx(1714,40): error TS18048: 'layer' is possibly 'undefined'.
src/components/Panels/PropertyPanel.tsx(1716,87): error TS18048: 'layer' is possibly 'undefined'.
src/components/Panels/PropertyPanel.tsx(1720,40): error TS18048: 'layer' is possibly 'undefined'.
src/components/Panels/PropertyPanel.tsx(1722,87): error TS18048: 'layer' is possibly 'undefined'.
src/components/Panels/PropertyPanel.tsx(1742,73): error TS18048: 'layer' is possibly 'undefined'.
src/components/Panels/PropertyPanel.tsx(1743,90): error TS18048: 'layer' is possibly 'undefined'.
src/components/Panels/PropertyPanel.tsx(1751,46): error TS18048: 'layer' is possibly 'undefined'.
src/components/Panels/PropertyPanel.tsx(1752,59): error TS18048: 'layer' is possibly 'undefined'.
src/components/Panels/PropertyPanel.tsx(1990,40): error TS18048: 'layer' is possibly 'undefined'.
src/components/Panels/PropertyPanel.tsx(1993,79): error TS18048: 'layer' is possibly 'undefined'.
src/components/Panels/PropertyPanel.tsx(1997,40): error TS18048: 'layer' is possibly 'undefined'.
src/components/Panels/PropertyPanel.tsx(2000,79): error TS18048: 'layer' is possibly 'undefined'.
src/components/Panels/PropertyPanel.tsx(2004,40): error TS18048: 'layer' is possibly 'undefined'.
src/components/Panels/PropertyPanel.tsx(2007,79): error TS18048: 'layer' is possibly 'undefined'.
src/components/Panels/PropertyPanel.tsx(2011,40): error TS18048: 'layer' is possibly 'undefined'.
src/components/Panels/PropertyPanel.tsx(2015,79): error TS18048: 'layer' is possibly 'undefined'.
src/components/Panels/PropertyPanel.tsx(2029,48): error TS18048: 'layer' is possibly 'undefined'.
src/components/Panels/PropertyPanel.tsx(2032,87): error TS18048: 'layer' is possibly 'undefined'.
src/components/Panels/PropertyPanel.tsx(2036,48): error TS18048: 'layer' is possibly 'undefined'.
src/components/Panels/PropertyPanel.tsx(2039,87): error TS18048: 'layer' is possibly 'undefined'.
src/components/Panels/PropertyPanel.tsx(2043,48): error TS18048: 'layer' is possibly 'undefined'.
src/components/Panels/PropertyPanel.tsx(2046,87): error TS18048: 'layer' is possibly 'undefined'.
src/components/Panels/PropertyPanel.tsx(2050,48): error TS18048: 'layer' is possibly 'undefined'.
src/components/Panels/PropertyPanel.tsx(2053,87): error TS18048: 'layer' is possibly 'undefined'.
src/components/Panels/PropertyPanel.tsx(2067,40): error TS18048: 'layer' is possibly 'undefined'.
src/components/Panels/PropertyPanel.tsx(2073,40): error TS18048: 'layer' is possibly 'undefined'.
src/components/Panels/PropertyPanel.tsx(2078,27): error TS18048: 'layer' is possibly 'undefined'.
src/components/Panels/PropertyPanel.tsx(2082,44): error TS18048: 'layer' is possibly 'undefined'.
src/components/Panels/PropertyPanel.tsx(2092,44): error TS18048: 'layer' is possibly 'undefined'.
src/components/Panels/PropertyPanel.tsx(2107,45): error TS18048: 'layer' is possibly 'undefined'.
src/components/Panels/PropertyPanel.tsx(2115,87): error TS18048: 'layer' is possibly 'undefined'.
src/components/Panels/PropertyPanel.tsx(2119,51): error TS18048: 'layer' is possibly 'undefined'.
src/components/Panels/PropertyPanel.tsx(2124,26): error TS18048: 'layer' is possibly 'undefined'.
src/components/Panels/PropertyPanel.tsx(2128,44): error TS18048: 'layer' is possibly 'undefined'.
src/components/Panels/PropertyPanel.tsx(2129,82): error TS18048: 'layer' is possibly 'undefined'.
src/components/Panels/PropertyPanel.tsx(2134,48): error TS18048: 'layer' is possibly 'undefined'.
src/components/Panels/PropertyPanel.tsx(2135,86): error TS18048: 'layer' is possibly 'undefined'.
src/components/Panels/PropertyPanel.tsx(2139,48): error TS18048: 'layer' is possibly 'undefined'.
src/components/Panels/PropertyPanel.tsx(2140,86): error TS18048: 'layer' is possibly 'undefined'.
src/components/Panels/PropertyPanel.tsx(2145,44): error TS18048: 'layer' is possibly 'undefined'.
src/components/Panels/PropertyPanel.tsx(2148,82): error TS18048: 'layer' is possibly 'undefined'.
src/components/Panels/PropertyPanel.tsx(2161,38): error TS18048: 'layer' is possibly 'undefined'.
src/components/Panels/PropertyPanel.tsx(2161,85): error TS18048: 'layer' is possibly 'undefined'.
src/components/Panels/PropertyPanel.tsx(2170,40): error TS18048: 'layer' is possibly 'undefined'.
src/components/Panels/PropertyPanel.tsx(2172,52): error TS18048: 'layer' is possibly 'undefined'.
src/components/Panels/PropertyPanel.tsx(2172,93): error TS18048: 'layer' is possibly 'undefined'.
src/components/Panels/PropertyPanel.tsx(2172,129): error TS18048: 'layer' is possibly 'undefined'.
src/components/Panels/PropertyPanel.tsx(2180,44): error TS18048: 'layer' is possibly 'undefined'.
src/components/Panels/PropertyPanel.tsx(2180,85): error TS18048: 'layer' is possibly 'undefined'.
src/components/Panels/PropertyPanel.tsx(2180,117): error TS18048: 'layer' is possibly 'undefined'.
src/components/Panels/PropertyPanel.tsx(2196,40): error TS18048: 'layer' is possibly 'undefined'.
src/components/Panels/PropertyPanel.tsx(2198,52): error TS18048: 'layer' is possibly 'undefined'.
src/components/Panels/PropertyPanel.tsx(2198,93): error TS18048: 'layer' is possibly 'undefined'.
src/components/Panels/PropertyPanel.tsx(2207,48): error TS18048: 'layer' is possibly 'undefined'.
src/components/Panels/PropertyPanel.tsx(2207,89): error TS18048: 'layer' is possibly 'undefined'.
src/components/Panels/PropertyPanel.tsx(2207,122): error TS18048: 'layer' is possibly 'undefined'.
src/components/Panels/PropertyPanel.tsx(2210,44): error TS18048: 'layer' is possibly 'undefined'.
src/components/Panels/PropertyPanel.tsx(2212,56): error TS18048: 'layer' is possibly 'undefined'.
src/components/Panels/PropertyPanel.tsx(2212,97): error TS18048: 'layer' is possibly 'undefined'.
src/components/Panels/PropertyPanel.tsx(2220,48): error TS18048: 'layer' is possibly 'undefined'.
src/components/Panels/PropertyPanel.tsx(2220,89): error TS18048: 'layer' is possibly 'undefined'.
src/components/Panels/PropertyPanel.tsx(2220,125): error TS18048: 'layer' is possibly 'undefined'.
src/components/Panels/PropertyPanel.tsx(2223,44): error TS18048: 'layer' is possibly 'undefined'.
src/components/Panels/PropertyPanel.tsx(2225,56): error TS18048: 'layer' is possibly 'undefined'.
src/components/Panels/PropertyPanel.tsx(2225,97): error TS18048: 'layer' is possibly 'undefined'.
src/components/Panels/PropertyPanel.tsx(2239,38): error TS18048: 'layer' is possibly 'undefined'.
src/components/Panels/PropertyPanel.tsx(2248,40): error TS18048: 'layer' is possibly 'undefined'.
src/components/Panels/PropertyPanel.tsx(2250,45): error TS18048: 'layer' is possibly 'undefined'.
src/components/Panels/PropertyPanel.tsx(2250,79): error TS18048: 'layer' is possibly 'undefined'.
src/components/Panels/PropertyPanel.tsx(2258,44): error TS18048: 'layer' is possibly 'undefined'.
src/components/Panels/PropertyPanel.tsx(2258,81): error TS18048: 'layer' is possibly 'undefined'.
src/components/Panels/PropertyPanel.tsx(2258,110): error TS18048: 'layer' is possibly 'undefined'.
src/components/Panels/PropertyPanel.tsx(2279,40): error TS18048: 'layer' is possibly 'undefined'.
src/components/Panels/PropertyPanel.tsx(2281,45): error TS18048: 'layer' is possibly 'undefined'.
src/components/Panels/PropertyPanel.tsx(2288,34): error TS18048: 'layer' is possibly 'undefined'.
src/components/Panels/PropertyPanel.tsx(2288,71): error TS18048: 'layer' is possibly 'undefined'.
src/components/Panels/PropertyPanel.tsx(2288,100): error TS18048: 'layer' is possibly 'undefined'.
src/components/Panels/PropertyPanel.tsx(2291,40): error TS18048: 'layer' is possibly 'undefined'.
src/components/Panels/PropertyPanel.tsx(2298,44): error TS18048: 'layer' is possibly 'undefined'.
src/components/Panels/PropertyPanel.tsx(2300,49): error TS18048: 'layer' is possibly 'undefined'.
src/components/Panels/PropertyPanel.tsx(2312,40): error TS18048: 'layer' is possibly 'undefined'.
src/components/Panels/PropertyPanel.tsx(2315,44): error TS18048: 'layer' is possibly 'undefined'.
src/components/Panels/PropertyPanel.tsx(2317,49): error TS18048: 'layer' is possibly 'undefined'.
src/components/Panels/PropertyPanel.tsx(2325,40): error TS18048: 'layer' is possibly 'undefined'.
src/components/Panels/PropertyPanel.tsx(2328,44): error TS18048: 'layer' is possibly 'undefined'.
src/components/Panels/PropertyPanel.tsx(2330,49): error TS18048: 'layer' is possibly 'undefined'.
src/components/Panels/PropertyPanel.tsx(2349,44): error TS18048: 'layer' is possibly 'undefined'.
src/components/Panels/PropertyPanel.tsx(2350,51): error TS18048: 'layer' is possibly 'undefined'.
src/components/Panels/PropertyPanel.tsx(2351,51): error TS18048: 'layer' is possibly 'undefined'.
src/components/Panels/PropertyPanel.tsx(2352,50): error TS18048: 'layer' is possibly 'undefined'.
src/components/Panels/PropertyPanel.tsx(2353,52): error TS18048: 'layer' is possibly 'undefined'.
src/components/Panels/PropertyPanel.tsx(2354,51): error TS18048: 'layer' is possibly 'undefined'.
src/components/Panels/PropertyPanel.tsx(2355,51): error TS18048: 'layer' is possibly 'undefined'.
src/components/Panels/PropertyPanel.tsx(2358,87): error TS18048: 'layer' is possibly 'undefined'.
src/components/Panels/PropertyPanel.tsx(2362,51): error TS18048: 'layer' is possibly 'undefined'.
src/components/Panels/PropertyPanel.tsx(2367,26): error TS18048: 'layer' is possibly 'undefined'.
src/components/Panels/PropertyPanel.tsx(2371,44): error TS18048: 'layer' is possibly 'undefined'.
src/components/Panels/PropertyPanel.tsx(2378,93): error TS18048: 'layer' is possibly 'undefined'.
src/components/Panels/PropertyPanel.tsx(2383,44): error TS18048: 'layer' is possibly 'undefined'.
src/components/Panels/PropertyPanel.tsx(2388,93): error TS18048: 'layer' is possibly 'undefined'.
src/components/Panels/PropertyPanel.tsx(2394,48): error TS18048: 'layer' is possibly 'undefined'.
src/components/Panels/PropertyPanel.tsx(2397,97): error TS18048: 'layer' is possibly 'undefined'.
src/components/Panels/PropertyPanel.tsx(2401,48): error TS18048: 'layer' is possibly 'undefined'.
src/components/Panels/PropertyPanel.tsx(2404,97): error TS18048: 'layer' is possibly 'undefined'.
src/components/Panels/PropertyPanel.tsx(2411,48): error TS18048: 'layer' is possibly 'undefined'.
src/components/Panels/PropertyPanel.tsx(2411,88): error TS18048: 'layer' is possibly 'undefined'.
src/components/Panels/PropertyPanel.tsx(2412,97): error TS18048: 'layer' is possibly 'undefined'.
src/components/Panels/PropertyPanel.tsx(2416,48): error TS18048: 'layer' is possibly 'undefined'.
src/components/Panels/PropertyPanel.tsx(2416,89): error TS18048: 'layer' is possibly 'undefined'.
src/components/Panels/PropertyPanel.tsx(2417,97): error TS18048: 'layer' is possibly 'undefined'.
src/components/Panels/PropertyPanel.tsx(2424,48): error TS18048: 'layer' is possibly 'undefined'.
src/components/Panels/PropertyPanel.tsx(2425,97): error TS18048: 'layer' is possibly 'undefined'.
src/components/Panels/PropertyPanel.tsx(2442,44): error TS18048: 'layer' is possibly 'undefined'.
src/components/Panels/PropertyPanel.tsx(2443,51): error TS18048: 'layer' is possibly 'undefined'.
src/components/Panels/PropertyPanel.tsx(2444,48): error TS18048: 'layer' is possibly 'undefined'.
src/components/Panels/PropertyPanel.tsx(2445,48): error TS18048: 'layer' is possibly 'undefined'.
src/components/Panels/PropertyPanel.tsx(2448,87): error TS18048: 'layer' is possibly 'undefined'.
src/components/Panels/PropertyPanel.tsx(2452,51): error TS18048: 'layer' is possibly 'undefined'.
src/components/Panels/PropertyPanel.tsx(2457,26): error TS18048: 'layer' is possibly 'undefined'.
src/components/Panels/PropertyPanel.tsx(2461,44): error TS18048: 'layer' is possibly 'undefined'.
src/components/Panels/PropertyPanel.tsx(2467,97): error TS18048: 'layer' is possibly 'undefined'.
src/components/Panels/PropertyPanel.tsx(2470,34): error TS18048: 'layer' is possibly 'undefined'.
src/components/Panels/PropertyPanel.tsx(2478,34): error TS18048: 'layer' is possibly 'undefined'.
src/components/Panels/PropertyPanel.tsx(2486,44): error TS18048: 'layer' is possibly 'undefined'.
src/components/Panels/PropertyPanel.tsx(2488,97): error TS18048: 'layer' is possibly 'undefined'.
src/components/Panels/PropertyPanel.tsx(2491,34): error TS18048: 'layer' is possibly 'undefined'.
src/components/Panels/PropertyPanel.tsx(2494,48): error TS18048: 'layer' is possibly 'undefined'.
src/components/Panels/PropertyPanel.tsx(2496,101): error TS18048: 'layer' is possibly 'undefined'.
src/components/Panels/PropertyPanel.tsx(2501,35): error TS18048: 'layer' is possibly 'undefined'.
src/components/Panels/PropertyPanel.tsx(2501,87): error TS18048: 'layer' is possibly 'undefined'.
src/components/Panels/PropertyPanel.tsx(2513,111): error TS18048: 'layer' is possibly 'undefined'.
src/components/Panels/PropertyPanel.tsx(2514,116): error TS18048: 'layer' is possibly 'undefined'.
src/components/Panels/PropertyPanel.tsx(2527,34): error TS18048: 'layer' is possibly 'undefined'.
src/components/Panels/PropertyPanel.tsx(2530,128): error TS18048: 'layer' is possibly 'undefined'.
src/components/Panels/PropertyPanel.tsx(2536,52): error TS18048: 'layer' is possibly 'undefined'.
src/components/Panels/PropertyPanel.tsx(2537,105): error TS18048: 'layer' is possibly 'undefined'.
src/components/Panels/PropertyPanel.tsx(2549,111): error TS18048: 'layer' is possibly 'undefined'.
src/components/Panels/PropertyPanel.tsx(2564,18): error TS18048: 'layer' is possibly 'undefined'.
src/components/Panels/PropertyPanel.tsx(2564,49): error TS18048: 'layer' is possibly 'undefined'.
src/components/Panels/PropertyPanel.tsx(2569,40): error TS18048: 'layer' is possibly 'undefined'.
src/components/Panels/PropertyPanel.tsx(2583,44): error TS18048: 'layer' is possibly 'undefined'.
src/components/Panels/PropertyPanel.tsx(2591,40): error TS18048: 'layer' is possibly 'undefined'.
src/components/Panels/PropertyPanel.tsx(2595,59): error TS18048: 'layer' is possibly 'undefined'.
src/components/Panels/PropertyPanel.tsx(2601,40): error TS18048: 'layer' is possibly 'undefined'.
src/components/Panels/PropertyPanel.tsx(2605,59): error TS18048: 'layer' is possibly 'undefined'.
src/components/Panels/PropertyPanel.tsx(2621,51): error TS18048: 'layer' is possibly 'undefined'.
src/components/Panels/PropertyPanel.tsx(2622,49): error TS18048: 'layer' is possibly 'undefined'.
src/components/Panels/PropertyPanel.tsx(2623,51): error TS18048: 'layer' is possibly 'undefined'.
src/components/Panels/PropertyPanel.tsx(2624,47): error TS18048: 'layer' is possibly 'undefined'.
src/components/Panels/PropertyPanel.tsx(2627,87): error TS18048: 'layer' is possibly 'undefined'.
src/components/Panels/PropertyPanel.tsx(2631,51): error TS18048: 'layer' is possibly 'undefined'.
src/components/Panels/PropertyPanel.tsx(2636,26): error TS18048: 'layer' is possibly 'undefined'.
src/components/Panels/PropertyPanel.tsx(2639,87): error TS18048: 'layer' is possibly 'undefined'.
src/components/Panels/PropertyPanel.tsx(2639,105): error TS18048: 'layer' is possibly 'undefined'.
src/components/Panels/PropertyPanel.tsx(2640,173): error TS18048: 'layer' is possibly 'undefined'.
src/components/Panels/PropertyPanel.tsx(2646,56): error TS18048: 'layer' is possibly 'undefined'.
src/components/Panels/PropertyPanel.tsx(2649,52): error TS18048: 'layer' is possibly 'undefined'.
src/components/Panels/PropertyPanel.tsx(2657,44): error TS18048: 'layer' is possibly 'undefined'.
src/components/Panels/PropertyPanel.tsx(2658,92): error TS18048: 'layer' is possibly 'undefined'.
src/components/Panels/PropertyPanel.tsx(2665,94): error TS18048: 'layer' is possibly 'undefined'.
src/components/Panels/PropertyPanel.tsx(2665,126): error TS18048: 'layer' is possibly 'undefined'.
src/components/Panels/PropertyPanel.tsx(2666,94): error TS18048: 'layer' is possibly 'undefined'.
src/components/Panels/PropertyPanel.tsx(2670,59): error TS18048: 'layer' is possibly 'undefined'.
src/components/Panels/PropertyPanel.tsx(2676,34): error TS18048: 'layer' is possibly 'undefined'.
src/components/Panels/PropertyPanel.tsx(2680,63): error TS18048: 'layer' is possibly 'undefined'.
src/components/Panels/PropertyPanel.tsx(2684,46): error TS18048: 'layer' is possibly 'undefined'.
src/components/Panels/PropertyPanel.tsx(2692,87): error TS18048: 'layer' is possibly 'undefined'.
src/components/Panels/PropertyPanel.tsx(2694,103): error TS18048: 'layer' is possibly 'undefined'.
src/components/Panels/PropertyPanel.tsx(2718,87): error TS18048: 'layer' is possibly 'undefined'.
src/components/Panels/PropertyPanel.tsx(2720,103): error TS18048: 'layer' is possibly 'undefined'.
src/components/Panels/PropertyPanel.tsx(2737,87): error TS18048: 'layer' is possibly 'undefined'.
src/components/Panels/PropertyPanel.tsx(2739,103): error TS18048: 'layer' is possibly 'undefined'.
src/components/Panels/PropertyPanel.tsx(2762,86): error TS18048: 'layer' is possibly 'undefined'.
src/components/Panels/PropertyPanel.tsx(2769,40): error TS18048: 'layer' is possibly 'undefined'.
src/components/Panels/PropertyPanel.tsx(2781,44): error TS2304: Cannot find name 'bringToFront'.
src/components/Panels/PropertyPanel.tsx(2781,57): error TS18048: 'layer' is possibly 'undefined'.
src/components/Panels/PropertyPanel.tsx(2789,68): error TS18048: 'layer' is possibly 'undefined'.
src/components/Panels/PropertyPanel.tsx(2796,80): error TS18048: 'layer' is possibly 'undefined'.
src/components/Panels/PropertyPanel.tsx(2803,44): error TS2304: Cannot find name 'sendToBack'.
src/components/Panels/PropertyPanel.tsx(2803,55): error TS18048: 'layer' is possibly 'undefined'.
src/components/Panels/PropertyPanel.tsx(2810,89): error TS18048: 'layer' is possibly 'undefined'.
src/pages/PreviewPage.tsx(89,46): error TS2304: Cannot find name 'state'.
