apps/web/src/components/Elements/LoveStoryElement.tsx(343,41): error TS2304: Cannot find name 'renderCards'.
