apps/web/src/components/Canvas/ElementRenderer.tsx(29,5): error TS2305: Module '"@/components/Elements"' has no exported member 'LiveStreamingElement'.
apps/web/src/components/Panels/LayersSidebar.tsx(12,7): error TS2741: Property 'live_streaming' is missing in type '{ text: JSX.Element; image: JSX.Element; gif: JSX.Element; sticker: JSX.Element; icon: JSX.Element; countdown: JSX.Element; button: JSX.Element; video: JSX.Element; ... 34 more ...; love_story: JSX.Element; }' but required in type 'Record<LayerType, ReactNode>'.
apps/web/src/components/UserEditor/UserElementEditor.tsx(91,44): error TS2304: Cannot find name 'Monitor'.
